[  5%] Building CXX object CMakeFiles/test_basic.dir/tests/test_basic.cpp.obj
[ 10%] Linking CXX executable test_basic.exe
[ 10%] Built target test_basic
[ 15%] Building CXX object CMakeFiles/test_concurrent.dir/tests/test_concurrent.cpp.obj
[ 20%] Linking CXX executable test_concurrent.exe
[ 20%] Built target test_concurrent
[ 25%] Building CXX object CMakeFiles/test_phase4.dir/tests/test_phase4.cpp.obj
[ 30%] Linking CXX executable test_phase4.exe
[ 30%] Built target test_phase4
[ 35%] Building CXX object CMakeFiles/test_integration.dir/tests/test_integration.cpp.obj
[ 40%] Linking CXX executable test_integration.exe
[ 40%] Built target test_integration
[ 45%] Building CXX object CMakeFiles/test_retain_by_key.dir/tests/test_retain_by_key.cpp.obj
[ 50%] Linking CXX executable test_retain_by_key.exe
[ 50%] Built target test_retain_by_key
[ 55%] Building CXX object CMakeFiles/test_policies.dir/tests/test_policies.cpp.obj
[ 60%] Linking CXX executable test_policies.exe
[ 60%] Built target test_policies
[ 65%] Building CXX object CMakeFiles/test_retain_all_cow.dir/tests/test_retain_all_cow.cpp.obj
[ 70%] Linking CXX executable test_retain_all_cow.exe
[ 70%] Built target test_retain_all_cow
[ 75%] Building CXX object CMakeFiles/test_retain_by_key_cow.dir/tests/test_retain_by_key_cow.cpp.obj
[ 80%] Linking CXX executable test_retain_by_key_cow.exe
[ 80%] Built target test_retain_by_key_cow
[ 85%] Building CXX object CMakeFiles/test_move_only.dir/tests/test_move_only.cpp.obj
[ 90%] Linking CXX executable test_move_only.exe
[ 90%] Built target test_move_only
[ 95%] Building CXX object CMakeFiles/test_shared_source.dir/tests/test_shared_source.cpp.obj
[100%] Linking CXX executable test_shared_source.exe
[100%] Built target test_shared_source
