[  6%] Building CXX object CMakeFiles/test_basic.dir/tests/test_basic.cpp.obj
C:\Users\aadam\ws\seqjoin\tests\test_basic.cpp: In lambda function:
C:\Users\aadam\ws\seqjoin\tests\test_basic.cpp:58:57: warning: unused parameter 's' [-Wunused-parameter]
   58 |     subs.subscribe([&](const int& n, const std::string& s) {
      |                                      ~~~~~~~~~~~~~~~~~~~^
[ 12%] Linking CXX executable test_basic.exe
[ 12%] Built target test_basic
[ 18%] Building CXX object CMakeFiles/test_concurrent.dir/tests/test_concurrent.cpp.obj
[ 25%] Linking CXX executable test_concurrent.exe
[ 25%] Built target test_concurrent
[ 31%] Building CXX object CMakeFiles/test_phase4.dir/tests/test_phase4.cpp.obj
[ 37%] Linking CXX executable test_phase4.exe
[ 37%] Built target test_phase4
[ 43%] Building CXX object CMakeFiles/test_integration.dir/tests/test_integration.cpp.obj
[ 50%] Linking CXX executable test_integration.exe
[ 50%] Built target test_integration
[ 56%] Building CXX object CMakeFiles/test_retain_by_key.dir/tests/test_retain_by_key.cpp.obj
[ 62%] Linking CXX executable test_retain_by_key.exe
[ 62%] Built target test_retain_by_key
[ 68%] Building CXX object CMakeFiles/test_policies.dir/tests/test_policies.cpp.obj
C:\Users\aadam\ws\seqjoin\tests\test_policies.cpp: In lambda function:
C:\Users\aadam\ws\seqjoin\tests\test_policies.cpp:166:49: warning: unused parameter 'keyed' [-Wunused-parameter]
  166 |         [&](const std::tuple<int, std::string>& keyed,
      |             ~~~~~~~~~~~~~~~~~~~~~~~~~~~~~~~~~~~~^~~~~
C:\Users\aadam\ws\seqjoin\tests\test_policies.cpp:167:27: warning: unused parameter 'latest' [-Wunused-parameter]
  167 |             const double& latest,
      |             ~~~~~~~~~~~~~~^~~~~~
C:\Users\aadam\ws\seqjoin\tests\test_policies.cpp:168:32: warning: unused parameter 'accumulated' [-Wunused-parameter]
  168 |             const std::string& accumulated) {
      |             ~~~~~~~~~~~~~~~~~~~^~~~~~~~~~~
[ 75%] Linking CXX executable test_policies.exe
[ 75%] Built target test_policies
[ 81%] Building CXX object CMakeFiles/test_retain_all_cow.dir/tests/test_retain_all_cow.cpp.obj
[ 87%] Linking CXX executable test_retain_all_cow.exe
[ 87%] Built target test_retain_all_cow
[ 93%] Building CXX object CMakeFiles/test_retain_by_key_cow.dir/tests/test_retain_by_key_cow.cpp.obj
[100%] Linking CXX executable test_retain_by_key_cow.exe
[100%] Built target test_retain_by_key_cow
